<*GNU-Linker-generated-mapfile*> 
generated for DSx86_32 platform 
collect2 version 10.3.0
c:/dspace/r2022a/dspace rcphil 2022-a/compiler/linux_4.14_gcc_10.3/target/x86_64-linux-gnu/bin/../lib/gcc/x86_64-linux-gnu/10.3.0/../../../../x86_64-linux-gnu/bin/ld.exe -plugin c:/dspace/r2022a/dspace rcphil 2022-a/compiler/linux_4.14_gcc_10.3/target/x86_64-linux-gnu/bin/../libexec/gcc/x86_64-linux-gnu/10.3.0/liblto_plugin-0.dll -plugin-opt=c:/dspace/r2022a/dspace rcphil 2022-a/compiler/linux_4.14_gcc_10.3/target/x86_64-linux-gnu/bin/../libexec/gcc/x86_64-linux-gnu/10.3.0/lto-wrapper.exe -plugin-opt=-fresolution=D:\Users\xiangl\AppData\Local\Temp\ccH8l34L.res -plugin-opt=-pass-through=-lgcc_s -plugin-opt=-pass-through=-lgcc -plugin-opt=-pass-through=-lc -plugin-opt=-pass-through=-lgcc_s -plugin-opt=-pass-through=-lgcc --sysroot=c:\dspace\r2022a\dspace rcphil 2022-a\compiler\linux_4.14_gcc_10.3\target\x86_64-linux-gnu\bin\../../x86_64-linux-gnu --build-id --eh-frame-hdr -m elf_x86_64 -dynamic-linker /lib64/ld-linux-x86-64.so.2 c:/dspace/r2022a/dspace rcphil 2022-a/compiler/linux_4.14_gcc_10.3/target/x86_64-linux-gnu/bin/../../x86_64-linux-gnu/lib/crt1.o c:/dspace/r2022a/dspace rcphil 2022-a/compiler/linux_4.14_gcc_10.3/target/x86_64-linux-gnu/bin/../../x86_64-linux-gnu/lib/crti.o c:/dspace/r2022a/dspace rcphil 2022-a/compiler/linux_4.14_gcc_10.3/target/x86_64-linux-gnu/bin/../lib/gcc/x86_64-linux-gnu/10.3.0/crtbegin.o -Lc:/dspace/r2022a/dspace rcphil 2022-a/compiler/linux_4.14_gcc_10.3/target/x86_64-linux-gnu/bin/../lib/gcc/x86_64-linux-gnu/10.3.0 -Lc:/dspace/r2022a/dspace rcphil 2022-a/compiler/linux_4.14_gcc_10.3/target/x86_64-linux-gnu/bin/../lib/gcc -Lc:/dspace/r2022a/dspace rcphil 2022-a/compiler/linux_4.14_gcc_10.3/target/x86_64-linux-gnu/bin/../lib/gcc/x86_64-linux-gnu/10.3.0/../../../../x86_64-linux-gnu/lib/../lib64 -Lc:/dspace/r2022a/dspace rcphil 2022-a/compiler/linux_4.14_gcc_10.3/target/x86_64-linux-gnu/bin/../lib/gcc/x86_64-linux-gnu/10.3.0/../../../../x86_64-linux-gnu/lib -Lc:/dspace/r2022a/dspace rcphil 2022-a/compiler/linux_4.14_gcc_10.3/target/x86_64-linux-gnu/bin/../../x86_64-linux-gnu/lib -v --unresolved-symbols=ignore-all -lstdc++ -lm -lgcc_s -lgcc -lc -lgcc_s -lgcc c:/dspace/r2022a/dspace rcphil 2022-a/compiler/linux_4.14_gcc_10.3/target/x86_64-linux-gnu/bin/../lib/gcc/x86_64-linux-gnu/10.3.0/crtend.o c:/dspace/r2022a/dspace rcphil 2022-a/compiler/linux_4.14_gcc_10.3/target/x86_64-linux-gnu/bin/../../x86_64-linux-gnu/lib/crtn.o
GNU ld (GNU Binutils) 2.35
Archive member included to satisfy reference by file (symbol)

D:\Users\xiangl\AppData\Local\Temp\dSPACE\CfgDesk\Cache\1\DummyApp_XILAPI_ESI_Testing\Build\AppProc_Slave\Compile\DsDefEnv\DsDefEnv.a(DsDefEnv.o64)
                              DsDefEnv_mdlfunctions.o64 (DsDefEnv_fmi2Instantiate)
C:\dSPACE\R2022A\dSPACE RCPHIL 2022-A\Compiler\Linux_4.14_GCC_10.3\target\x86_64-linux-gnu\lib\libc_nonshared.a(elf-init.oS)
                              c:/dspace/r2022a/dspace rcphil 2022-a/compiler/linux_4.14_gcc_10.3/target/x86_64-linux-gnu/bin/../../x86_64-linux-gnu/lib/Scrt1.o (__libc_csu_init)

Merging program properties

Removed property 0xc0000002 to merge c:/dspace/r2022a/dspace rcphil 2022-a/compiler/linux_4.14_gcc_10.3/target/x86_64-linux-gnu/bin/../lib/gcc/x86_64-linux-gnu/10.3.0/crtbeginS.o (0x3) and c:/dspace/r2022a/dspace rcphil 2022-a/compiler/linux_4.14_gcc_10.3/target/x86_64-linux-gnu/bin/../../x86_64-linux-gnu/lib/Scrt1.o (not found)
Removed property 0xc0000002 to merge c:/dspace/r2022a/dspace rcphil 2022-a/compiler/linux_4.14_gcc_10.3/target/x86_64-linux-gnu/bin/../lib/gcc/x86_64-linux-gnu/10.3.0/crtbeginS.o (not found) and c:/dspace/r2022a/dspace rcphil 2022-a/compiler/linux_4.14_gcc_10.3/target/x86_64-linux-gnu/bin/../lib/gcc/x86_64-linux-gnu/10.3.0/crtendS.o (0x3)

As-needed library included to satisfy reference by file (symbol)

libDsRealTimeTestingRP.so.1   rtosal_taskap.o64 (dsrtt_script_service_post_computation)

Discarded input sections

 .note.GNU-stack
                0x0000000000000000        0x0 c:/dspace/r2022a/dspace rcphil 2022-a/compiler/linux_4.14_gcc_10.3/target/x86_64-linux-gnu/bin/../../x86_64-linux-gnu/lib/Scrt1.o
 .note.GNU-stack
                0x0000000000000000        0x0 c:/dspace/r2022a/dspace rcphil 2022-a/compiler/linux_4.14_gcc_10.3/target/x86_64-linux-gnu/bin/../../x86_64-linux-gnu/lib/crti.o
 .note.GNU-stack
                0x0000000000000000        0x0 c:/dspace/r2022a/dspace rcphil 2022-a/compiler/linux_4.14_gcc_10.3/target/x86_64-linux-gnu/bin/../lib/gcc/x86_64-linux-gnu/10.3.0/crtbeginS.o
 .note.gnu.property
                0x0000000000000000       0x20 c:/dspace/r2022a/dspace rcphil 2022-a/compiler/linux_4.14_gcc_10.3/target/x86_64-linux-gnu/bin/../lib/gcc/x86_64-linux-gnu/10.3.0/crtbeginS.o
 .note.GNU-stack
                0x0000000000000000        0x0 mdladapter_mdlfunctions.o64
 .note.GNU-stack
                0x0000000000000000        0x0 mdlCode_ap.o64
 .note.GNU-stack
                0x0000000000000000        0x0 data_in_ap.o64
 .note.GNU-stack
                0x0000000000000000        0x0 data_out_ap.o64
 .note.GNU-stack
                0x0000000000000000        0x0 fm_entry_ap.o64
 .note.GNU-stack
                0x0000000000000000        0x0 fm_exit_ap.o64
 .note.GNU-stack
                0x0000000000000000        0x0 dssimengine_accesspoint.o64
 .note.GNU-stack
                0x0000000000000000        0x0 dssimengine_api.o64
 .group         0x0000000000000000        0x8 dssimengine_main.o64
 .group         0x0000000000000000        0xc dssimengine_main.o64
 .group         0x0000000000000000        0xc dssimengine_main.o64
 .group         0x0000000000000000        0xc dssimengine_main.o64
 .note.GNU-stack
                0x0000000000000000        0x0 dssimengine_main.o64
 .group         0x0000000000000000        0x8 rtosal_task.o64
 .group         0x0000000000000000        0xc rtosal_task.o64
 .group         0x0000000000000000        0xc rtosal_task.o64
 .group         0x0000000000000000        0xc rtosal_task.o64
 .data.rel.local.DW.ref.__gxx_personality_v0
                0x0000000000000000        0x8 rtosal_task.o64
 .note.GNU-stack
                0x0000000000000000        0x0 rtosal_task.o64
 .note.GNU-stack
                0x0000000000000000        0x0 rtosal_taskap.o64
 .note.GNU-stack
                0x0000000000000000        0x0 rtosal_simengineap.o64
 .note.GNU-stack
                0x0000000000000000        0x0 IOCode_Data.o64
 .note.GNU-stack
                0x0000000000000000        0x0 dssimengine_accesspoint_Ethernet_Switch.o64
 .note.GNU-stack
                0x0000000000000000        0x0 DsDefEnv_mdlfunctions.o64
 .group         0x0000000000000000        0xc dsfmu_logger.o64
 .data.rel.local.DW.ref.__gxx_personality_v0
                0x0000000000000000        0x8 dsfmu_logger.o64
 .note.GNU-stack
                0x0000000000000000        0x0 dsfmu_logger.o64
 .group         0x0000000000000000        0xc dsfmu_callbacks.o64
 .data.rel.local.DW.ref.__gxx_personality_v0
                0x0000000000000000        0x8 dsfmu_callbacks.o64
 .note.GNU-stack
                0x0000000000000000        0x0 dsfmu_callbacks.o64
 .note.GNU-stack
                0x0000000000000000        0x0 dsfmu_readwrite.o64
 .note.GNU-stack
                0x0000000000000000        0x0 D:\Users\xiangl\AppData\Local\Temp\dSPACE\CfgDesk\Cache\1\DummyApp_XILAPI_ESI_Testing\Build\AppProc_Slave\Compile\DsDefEnv\DsDefEnv.a(DsDefEnv.o64)
 .note.GNU-stack
                0x0000000000000000        0x0 C:\dSPACE\R2022A\dSPACE RCPHIL 2022-A\Compiler\Linux_4.14_GCC_10.3\target\x86_64-linux-gnu\lib\libc_nonshared.a(elf-init.oS)
 .note.GNU-stack
                0x0000000000000000        0x0 c:/dspace/r2022a/dspace rcphil 2022-a/compiler/linux_4.14_gcc_10.3/target/x86_64-linux-gnu/bin/../lib/gcc/x86_64-linux-gnu/10.3.0/crtendS.o
 .note.gnu.property
                0x0000000000000000       0x20 c:/dspace/r2022a/dspace rcphil 2022-a/compiler/linux_4.14_gcc_10.3/target/x86_64-linux-gnu/bin/../lib/gcc/x86_64-linux-gnu/10.3.0/crtendS.o
 .note.GNU-stack
                0x0000000000000000        0x0 c:/dspace/r2022a/dspace rcphil 2022-a/compiler/linux_4.14_gcc_10.3/target/x86_64-linux-gnu/bin/../../x86_64-linux-gnu/lib/crtn.o

Memory Configuration

Name             Origin             Length             Attributes
*default*        0x0000000000000000 0xffffffffffffffff

Linker script and memory map

LOAD c:/dspace/r2022a/dspace rcphil 2022-a/compiler/linux_4.14_gcc_10.3/target/x86_64-linux-gnu/bin/../../x86_64-linux-gnu/lib/Scrt1.o
LOAD c:/dspace/r2022a/dspace rcphil 2022-a/compiler/linux_4.14_gcc_10.3/target/x86_64-linux-gnu/bin/../../x86_64-linux-gnu/lib/crti.o
LOAD c:/dspace/r2022a/dspace rcphil 2022-a/compiler/linux_4.14_gcc_10.3/target/x86_64-linux-gnu/bin/../lib/gcc/x86_64-linux-gnu/10.3.0/crtbeginS.o
                0x00000000000009ce                DS_TARGET_PLATFORM = 0x9ce
LOAD C:\dSPACE\R2022A\dSPACE RCPHIL 2022-A\Compiler\Linux_4.14_GCC_10.3\target\x86_64-linux-gnu\lib/libpthread.so
LOAD C:\dSPACE\R2022A\dSPACE RCPHIL 2022-A\Compiler\Linux_4.14_GCC_10.3\target\x86_64-linux-gnu\lib/librt.so
LOAD C:\dSPACE\R2022A\dSPACE RCPHIL 2022-A\Compiler\Linux_4.14_GCC_10.3\target\x86_64-linux-gnu\lib/libdl.so
START GROUP
LOAD mdladapter_mdlfunctions.o64
LOAD mdlCode_ap.o64
LOAD data_in_ap.o64
LOAD data_out_ap.o64
LOAD fm_entry_ap.o64
LOAD fm_exit_ap.o64
LOAD dssimengine_accesspoint.o64
LOAD dssimengine_api.o64
LOAD dssimengine_main.o64
LOAD rtosal_task.o64
LOAD rtosal_taskap.o64
LOAD rtosal_simengineap.o64
LOAD IOCode_Data.o64
LOAD dssimengine_accesspoint_Ethernet_Switch.o64
LOAD DsDefEnv_mdlfunctions.o64
LOAD dsfmu_logger.o64
LOAD dsfmu_callbacks.o64
LOAD dsfmu_readwrite.o64
LOAD D:\Users\xiangl\AppData\Local\Temp\dSPACE\CfgDesk\Cache\1\DummyApp_XILAPI_ESI_Testing\Build\AppProc_Slave\Compile\DsDefEnv\DsDefEnv.a
LOAD C:\dSPACE\R2022A\dSPACE RCPHIL 2022-A\SCALEXIO\lib64/libdsethernetinterfacemanagementdrv.so
LOAD C:\dSPACE\R2022A\dSPACE RCPHIL 2022-A\SCALEXIO\lib64/libdscandrv.so
LOAD C:\dSPACE\R2022A\dSPACE RCPHIL 2022-A\SCALEXIO\lib64/libdslindrv.so
END GROUP
LOAD C:\dSPACE\R2022A\dSPACE RCPHIL 2022-A\SCALEXIO\lib64/libDsRtLib.so
LOAD C:\dSPACE\R2022A\dSPACE RCPHIL 2022-A\Compiler\Linux_4.14_GCC_10.3\target\x86_64-linux-gnu\x86_64-linux-gnu\lib64/libstdc++.so
LOAD C:\dSPACE\R2022A\dSPACE RCPHIL 2022-A\Compiler\Linux_4.14_GCC_10.3\target\x86_64-linux-gnu\lib/libm.so
START GROUP
LOAD C:\dSPACE\R2022A\dSPACE RCPHIL 2022-A\Compiler\Linux_4.14_GCC_10.3\target\x86_64-linux-gnu\lib\libm.so.6
LOAD C:\dSPACE\R2022A\dSPACE RCPHIL 2022-A\Compiler\Linux_4.14_GCC_10.3\target\x86_64-linux-gnu\lib\libmvec.so.1
END GROUP
LOAD C:\dSPACE\R2022A\dSPACE RCPHIL 2022-A\Compiler\Linux_4.14_GCC_10.3\target\x86_64-linux-gnu\x86_64-linux-gnu\lib/libgcc_s.so
START GROUP
LOAD C:\dSPACE\R2022A\dSPACE RCPHIL 2022-A\Compiler\Linux_4.14_GCC_10.3\target\x86_64-linux-gnu\x86_64-linux-gnu\lib\libgcc_s.so.1
LOAD c:/dspace/r2022a/dspace rcphil 2022-a/compiler/linux_4.14_gcc_10.3/target/x86_64-linux-gnu/bin/../lib/gcc/x86_64-linux-gnu/10.3.0\libgcc.a
END GROUP
LOAD c:/dspace/r2022a/dspace rcphil 2022-a/compiler/linux_4.14_gcc_10.3/target/x86_64-linux-gnu/bin/../lib/gcc/x86_64-linux-gnu/10.3.0\libgcc.a
LOAD C:\dSPACE\R2022A\dSPACE RCPHIL 2022-A\Compiler\Linux_4.14_GCC_10.3\target\x86_64-linux-gnu\lib/libc.so
START GROUP
LOAD C:\dSPACE\R2022A\dSPACE RCPHIL 2022-A\Compiler\Linux_4.14_GCC_10.3\target\x86_64-linux-gnu\lib\libc.so.6
LOAD C:\dSPACE\R2022A\dSPACE RCPHIL 2022-A\Compiler\Linux_4.14_GCC_10.3\target\x86_64-linux-gnu\lib\libc_nonshared.a
LOAD C:\dSPACE\R2022A\dSPACE RCPHIL 2022-A\Compiler\Linux_4.14_GCC_10.3\target\x86_64-linux-gnu\lib\ld-linux-x86-64.so.2
END GROUP
LOAD C:\dSPACE\R2022A\dSPACE RCPHIL 2022-A\Compiler\Linux_4.14_GCC_10.3\target\x86_64-linux-gnu\x86_64-linux-gnu\lib/libgcc_s.so
START GROUP
LOAD C:\dSPACE\R2022A\dSPACE RCPHIL 2022-A\Compiler\Linux_4.14_GCC_10.3\target\x86_64-linux-gnu\x86_64-linux-gnu\lib\libgcc_s.so.1
LOAD c:/dspace/r2022a/dspace rcphil 2022-a/compiler/linux_4.14_gcc_10.3/target/x86_64-linux-gnu/bin/../lib/gcc/x86_64-linux-gnu/10.3.0\libgcc.a
END GROUP
LOAD c:/dspace/r2022a/dspace rcphil 2022-a/compiler/linux_4.14_gcc_10.3/target/x86_64-linux-gnu/bin/../lib/gcc/x86_64-linux-gnu/10.3.0\libgcc.a
LOAD c:/dspace/r2022a/dspace rcphil 2022-a/compiler/linux_4.14_gcc_10.3/target/x86_64-linux-gnu/bin/../lib/gcc/x86_64-linux-gnu/10.3.0/crtendS.o
LOAD c:/dspace/r2022a/dspace rcphil 2022-a/compiler/linux_4.14_gcc_10.3/target/x86_64-linux-gnu/bin/../../x86_64-linux-gnu/lib/crtn.o
                [!provide]                        PROVIDE (__executable_start = SEGMENT_START ("text-segment", 0x0))
                0x00000000000002a8                . = (SEGMENT_START ("text-segment", 0x0) + SIZEOF_HEADERS)

.interp         0x00000000000002a8       0x1c
 *(.interp)
 .interp        0x00000000000002a8       0x1c c:/dspace/r2022a/dspace rcphil 2022-a/compiler/linux_4.14_gcc_10.3/target/x86_64-linux-gnu/bin/../../x86_64-linux-gnu/lib/Scrt1.o

.note.gnu.build-id
                0x00000000000002c4       0x24
 *(.note.gnu.build-id)
 .note.gnu.build-id
                0x00000000000002c4       0x24 c:/dspace/r2022a/dspace rcphil 2022-a/compiler/linux_4.14_gcc_10.3/target/x86_64-linux-gnu/bin/../../x86_64-linux-gnu/lib/Scrt1.o

.note.ABI-tag   0x00000000000002e8       0x20
 .note.ABI-tag  0x00000000000002e8       0x20 c:/dspace/r2022a/dspace rcphil 2022-a/compiler/linux_4.14_gcc_10.3/target/x86_64-linux-gnu/bin/../../x86_64-linux-gnu/lib/Scrt1.o

.hash           0x0000000000000308      0x1a4
 *(.hash)
 .hash          0x0000000000000308      0x1a4 c:/dspace/r2022a/dspace rcphil 2022-a/compiler/linux_4.14_gcc_10.3/target/x86_64-linux-gnu/bin/../../x86_64-linux-gnu/lib/Scrt1.o

.gnu.hash       0x00000000000004b0       0x24
 *(.gnu.hash)
 .gnu.hash      0x00000000000004b0       0x24 c:/dspace/r2022a/dspace rcphil 2022-a/compiler/linux_4.14_gcc_10.3/target/x86_64-linux-gnu/bin/../../x86_64-linux-gnu/lib/Scrt1.o

.dynsym         0x00000000000004d8      0x630
 *(.dynsym)
 .dynsym        0x00000000000004d8      0x630 c:/dspace/r2022a/dspace rcphil 2022-a/compiler/linux_4.14_gcc_10.3/target/x86_64-linux-gnu/bin/../../x86_64-linux-gnu/lib/Scrt1.o

.dynstr         0x0000000000000b08      0xa2d
 *(.dynstr)
 .dynstr        0x0000000000000b08      0xa2d c:/dspace/r2022a/dspace rcphil 2022-a/compiler/linux_4.14_gcc_10.3/target/x86_64-linux-gnu/bin/../../x86_64-linux-gnu/lib/Scrt1.o

.gnu.version    0x0000000000001536       0x84
 *(.gnu.version)
 .gnu.version   0x0000000000001536       0x84 c:/dspace/r2022a/dspace rcphil 2022-a/compiler/linux_4.14_gcc_10.3/target/x86_64-linux-gnu/bin/../../x86_64-linux-gnu/lib/Scrt1.o

.gnu.version_d  0x00000000000015c0        0x0
 *(.gnu.version_d)
 .gnu.version_d
                0x00000000000015c0        0x0 c:/dspace/r2022a/dspace rcphil 2022-a/compiler/linux_4.14_gcc_10.3/target/x86_64-linux-gnu/bin/../../x86_64-linux-gnu/lib/Scrt1.o

.gnu.version_r  0x00000000000015c0       0x80
 *(.gnu.version_r)
 .gnu.version_r
                0x00000000000015c0       0x80 c:/dspace/r2022a/dspace rcphil 2022-a/compiler/linux_4.14_gcc_10.3/target/x86_64-linux-gnu/bin/../../x86_64-linux-gnu/lib/Scrt1.o

.rela.dyn       0x0000000000001640      0x930
 *(.rela.init)
 *(.rela.text .rela.text.* .rela.gnu.linkonce.t.*)
 .rela.text     0x0000000000001640        0x0 c:/dspace/r2022a/dspace rcphil 2022-a/compiler/linux_4.14_gcc_10.3/target/x86_64-linux-gnu/bin/../../x86_64-linux-gnu/lib/Scrt1.o
 *(.rela.fini)
 *(.rela.rodata .rela.rodata.* .rela.gnu.linkonce.r.*)
 *(.rela.data .rela.data.* .rela.gnu.linkonce.d.*)
 .rela.data.rel.ro
                0x0000000000001640        0x0 c:/dspace/r2022a/dspace rcphil 2022-a/compiler/linux_4.14_gcc_10.3/target/x86_64-linux-gnu/bin/../../x86_64-linux-gnu/lib/Scrt1.o
 .rela.data.rel.local
                0x0000000000001640       0x18 c:/dspace/r2022a/dspace rcphil 2022-a/compiler/linux_4.14_gcc_10.3/target/x86_64-linux-gnu/bin/../../x86_64-linux-gnu/lib/Scrt1.o
 .rela.data.rel.ro._ZTI18DsCApplicationMain
                0x0000000000001658       0x48 c:/dspace/r2022a/dspace rcphil 2022-a/compiler/linux_4.14_gcc_10.3/target/x86_64-linux-gnu/bin/../../x86_64-linux-gnu/lib/Scrt1.o
 .rela.data.rel.ro._ZTV18DsCApplicationMain
                0x00000000000016a0       0xd8 c:/dspace/r2022a/dspace rcphil 2022-a/compiler/linux_4.14_gcc_10.3/target/x86_64-linux-gnu/bin/../../x86_64-linux-gnu/lib/Scrt1.o
 .rela.data.rel
                0x0000000000001778       0xf0 c:/dspace/r2022a/dspace rcphil 2022-a/compiler/linux_4.14_gcc_10.3/target/x86_64-linux-gnu/bin/../../x86_64-linux-gnu/lib/Scrt1.o
 .rela.data.rel.local.DW.ref.__gxx_personality_v0
                0x0000000000001868       0x18 c:/dspace/r2022a/dspace rcphil 2022-a/compiler/linux_4.14_gcc_10.3/target/x86_64-linux-gnu/bin/../../x86_64-linux-gnu/lib/Scrt1.o
 .rela.data.rel.ro._ZTI24DsCRtosAlPeriodic_Task_1
                0x0000000000001880       0x48 c:/dspace/r2022a/dspace rcphil 2022-a/compiler/linux_4.14_gcc_10.3/target/x86_64-linux-gnu/bin/../../x86_64-linux-gnu/lib/Scrt1.o
 .rela.data.rel.ro._ZTV24DsCRtosAlPeriodic_Task_1
                0x00000000000018c8       0x78 c:/dspace/r2022a/dspace rcphil 2022-a/compiler/linux_4.14_gcc_10.3/target/x86_64-linux-gnu/bin/../../x86_64-linux-gnu/lib/Scrt1.o
 *(.rela.tdata .rela.tdata.* .rela.gnu.linkonce.td.*)
 *(.rela.tbss .rela.tbss.* .rela.gnu.linkonce.tb.*)
 *(.rela.ctors)
 .rela.ctors    0x0000000000001940       0x60 c:/dspace/r2022a/dspace rcphil 2022-a/compiler/linux_4.14_gcc_10.3/target/x86_64-linux-gnu/bin/../../x86_64-linux-gnu/lib/Scrt1.o
 *(.rela.dtors)
 *(.rela.got)
 .rela.got      0x00000000000019a0      0x5b8 c:/dspace/r2022a/dspace rcphil 2022-a/compiler/linux_4.14_gcc_10.3/target/x86_64-linux-gnu/bin/../../x86_64-linux-gnu/lib/Scrt1.o
 *(.rela.bss .rela.bss.* .rela.gnu.linkonce.b.*)
 .rela.bss      0x0000000000001f58        0x0 c:/dspace/r2022a/dspace rcphil 2022-a/compiler/linux_4.14_gcc_10.3/target/x86_64-linux-gnu/bin/../../x86_64-linux-gnu/lib/Scrt1.o
 *(.rela.ldata .rela.ldata.* .rela.gnu.linkonce.l.*)
 *(.rela.lbss .rela.lbss.* .rela.gnu.linkonce.lb.*)
 *(.rela.lrodata .rela.lrodata.* .rela.gnu.linkonce.lr.*)
 *(.rela.ifunc)
 .rela.ifunc    0x0000000000001f58        0x0 c:/dspace/r2022a/dspace rcphil 2022-a/compiler/linux_4.14_gcc_10.3/target/x86_64-linux-gnu/bin/../../x86_64-linux-gnu/lib/Scrt1.o
 .rela.init_array
                0x0000000000001f58       0x18 c:/dspace/r2022a/dspace rcphil 2022-a/compiler/linux_4.14_gcc_10.3/target/x86_64-linux-gnu/bin/../../x86_64-linux-gnu/lib/Scrt1.o
 .rela.eh_frame
                0x0000000000001f70        0x0 c:/dspace/r2022a/dspace rcphil 2022-a/compiler/linux_4.14_gcc_10.3/target/x86_64-linux-gnu/bin/../../x86_64-linux-gnu/lib/Scrt1.o

.rela.plt       0x0000000000001f70        0x0
 *(.rela.plt)
 .rela.plt      0x0000000000001f70        0x0 c:/dspace/r2022a/dspace rcphil 2022-a/compiler/linux_4.14_gcc_10.3/target/x86_64-linux-gnu/bin/../../x86_64-linux-gnu/lib/Scrt1.o
 *(.rela.iplt)
                0x0000000000002000                . = ALIGN (CONSTANT (MAXPAGESIZE))

.init           0x0000000000002000       0x17
 *(SORT_NONE(.init))
 .init          0x0000000000002000       0x12 c:/dspace/r2022a/dspace rcphil 2022-a/compiler/linux_4.14_gcc_10.3/target/x86_64-linux-gnu/bin/../../x86_64-linux-gnu/lib/crti.o
                0x0000000000002000                _init
 .init          0x0000000000002012        0x5 c:/dspace/r2022a/dspace rcphil 2022-a/compiler/linux_4.14_gcc_10.3/target/x86_64-linux-gnu/bin/../../x86_64-linux-gnu/lib/crtn.o

.plt            0x0000000000002020       0x10
 *(.plt)
 .plt           0x0000000000002020       0x10 c:/dspace/r2022a/dspace rcphil 2022-a/compiler/linux_4.14_gcc_10.3/target/x86_64-linux-gnu/bin/../../x86_64-linux-gnu/lib/Scrt1.o
 *(.iplt)

.plt.got        0x0000000000002030        0x8
 *(.plt.got)
 .plt.got       0x0000000000002030        0x8 c:/dspace/r2022a/dspace rcphil 2022-a/compiler/linux_4.14_gcc_10.3/target/x86_64-linux-gnu/bin/../../x86_64-linux-gnu/lib/Scrt1.o
                0x0000000000002030                __cxa_finalize@@GLIBC_2.2.5

.plt.sec
 *(.plt.sec)

.text           0x0000000000002040     0x1ed1
 *(.text.unlikely .text.*_unlikely .text.unlikely.*)
 .text.unlikely
                0x0000000000002040       0x1a dssimengine_main.o64
 .text.unlikely
                0x000000000000205a       0x1a rtosal_task.o64
 .text.unlikely
                0x0000000000002074       0x3f dsfmu_logger.o64
 .text.unlikely
                0x00000000000020b3       0x15 dsfmu_callbacks.o64
 *(.text.exit .text.exit.*)
 *(.text.startup .text.startup.*)
 *fill*         0x00000000000020c8        0x8 
 .text.startup  0x00000000000020d0       0x29 dssimengine_main.o64
                0x00000000000020d0                _Z32__registerApplDsCApplicationMainv
 *fill*         0x00000000000020f9        0x7 
 .text.startup  0x0000000000002100       0x12 rtosal_simengineap.o64
                0x0000000000002100                _Z21__registerRTTMPConfigv
 *fill*         0x0000000000002112        0xe 
 .text.startup  0x0000000000002120       0x14 IOCode_Data.o64
                0x0000000000002120                _Z31__registerResourceg_ResourceMapv
 *(.text.hot .text.hot.*)
 *(SORT_BY_NAME(.text.sorted.*))
 *(.text .stub .text.* .gnu.linkonce.t.*)
 *fill*         0x0000000000002134        0xc 
 .text          0x0000000000002140       0x2b c:/dspace/r2022a/dspace rcphil 2022-a/compiler/linux_4.14_gcc_10.3/target/x86_64-linux-gnu/bin/../../x86_64-linux-gnu/lib/Scrt1.o
                0x0000000000002140                _start
 .text          0x000000000000216b        0x0 c:/dspace/r2022a/dspace rcphil 2022-a/compiler/linux_4.14_gcc_10.3/target/x86_64-linux-gnu/bin/../../x86_64-linux-gnu/lib/crti.o
 *fill*         0x000000000000216b        0x5 
 .text          0x0000000000002170      0x109 c:/dspace/r2022a/dspace rcphil 2022-a/compiler/linux_4.14_gcc_10.3/target/x86_64-linux-gnu/bin/../lib/gcc/x86_64-linux-gnu/10.3.0/crtbeginS.o
 *fill*         0x0000000000002279        0x7 
 .text          0x0000000000002280       0x36 mdladapter_mdlfunctions.o64
                0x0000000000002280                DsDefEnv_DSFMUAPLastApplStateStopped
                0x00000000000022a0                DsDefEnv_DSFMUAPTerminateSimulation
                0x00000000000022b0                DsDefEnv_DSFMUAPStopSimulation
 .text          0x00000000000022b6        0x0 mdlCode_ap.o64
 .text          0x00000000000022b6        0x0 data_in_ap.o64
 .text          0x00000000000022b6        0x0 data_out_ap.o64
 *fill*         0x00000000000022b6        0xa 
 .text          0x00000000000022c0       0x10 fm_entry_ap.o64
                0x00000000000022c0                DsDefEnv_DSFMUAPFcnModuleEntry0
 .text          0x00000000000022d0       0x10 fm_exit_ap.o64
                0x00000000000022d0                DsDefEnv_DSFMUAPFcnModuleExit0
 .text          0x00000000000022e0      0x633 dssimengine_accesspoint.o64
                0x00000000000022e0                ApSimEngineOnInitMdl
                0x0000000000002300                ApSimEngineOnStartMdl
                0x0000000000002320                ApSimEngineOnStopMdl
                0x0000000000002340                ApSimEngineOnTerminateMdl
                0x0000000000002350                ApSimEngineOnUnloadMdl
                0x0000000000002370                ApSimEngineOnInitImc
                0x0000000000002390                ApSimEngineOnStartImc
                0x00000000000023b0                ApSimEngineOnStopImc
                0x00000000000023d0                ApSimEngineOnTerminateImc
                0x00000000000023f0                ApSimEngineOnUnloadImc
                0x0000000000002410                ApSimEngineOnInitIoPreRtosInit
                0x0000000000002480                ApSimEngineOnInitHwDiagnostics
                0x00000000000025b0                ApSimEngineOnStopIo
                0x00000000000025d0                ApSimEngineOnTerminateIo
                0x00000000000025f0                ApSimEngineOnUnloadIo
                0x0000000000002610                ApSimEngineOnInitRtos
                0x0000000000002660                ApSimEngineOnStartRtos
                0x0000000000002680                ApSimEngineOnStopRtos
                0x00000000000026a0                ApSimEngineOnStop
                0x00000000000026f0                ApSimEngineOnTerminateRtos
                0x0000000000002710                ApSimEngineOnTerminate
                0x0000000000002760                ApSimEngineOnUnloadRtos
                0x0000000000002780                ApSimEngineOnUnload
                0x00000000000027d0                ApSimEngineIdle
                0x00000000000027f0                _Z22ApSimEngineRunTimeInitR16DsCErrorListPooli
                0x0000000000002800                ApSimEngineOnInitIoPostRtosInit
                0x0000000000002830                ApSimEngineOnInit
                0x0000000000002890                ApSimEngineOnStartIo
                0x00000000000028d0                ApSimEngineOnStart
 *fill*         0x0000000000002913        0xd 
 .text          0x0000000000002920       0x57 dssimengine_api.o64
                0x0000000000002920                _Z25SimEngineLastApplStateGetv
                0x0000000000002930                _Z16SimEngineApplGetv
                0x0000000000002940                _Z17SimEngineApplStopv
                0x0000000000002960                _Z22SimEngineApplTerminatev
 *fill*         0x0000000000002977        0x9 
 .text          0x0000000000002980      0x187 dssimengine_main.o64
                0x0000000000002980                destroyApplication
                0x00000000000029a0                getApplicationErrorList
                0x00000000000029b0                _ZN18DsCApplicationMainD1Ev
                0x00000000000029b0                _ZN18DsCApplicationMainD2Ev
                0x00000000000029e0                _ZN18DsCApplicationMainD0Ev
                0x0000000000002a00                _ZN18DsCApplicationMain6onInitER16DsCErrorListPool
                0x0000000000002a20                _ZN18DsCApplicationMain7onStartER16DsCErrorListPool
                0x0000000000002a40                _ZN18DsCApplicationMain6onStopER16DsCErrorListPool
                0x0000000000002a60                _ZN18DsCApplicationMain11onTerminateER16DsCErrorListPool
                0x0000000000002a80                _ZN18DsCApplicationMain8onUnloadER16DsCErrorListPool
                0x0000000000002a90                _ZN18DsCApplicationMain6onIdleER16DsCErrorListPool
                0x0000000000002aa0                _ZN18DsCApplicationMainC2ER16DsCErrorListPool
                0x0000000000002aa0                _ZN18DsCApplicationMainC1ER16DsCErrorListPool
                0x0000000000002ad0                createApplication
 *fill*         0x0000000000002b07        0x9 
 .text          0x0000000000002b10      0x392 rtosal_task.o64
                0x0000000000002b10                _ZN24DsCRtosAlPeriodic_Task_1D1Ev
                0x0000000000002b10                _ZN24DsCRtosAlPeriodic_Task_1D2Ev
                0x0000000000002b30                _ZN24DsCRtosAlPeriodic_Task_1D0Ev
                0x0000000000002b50                _ZN24DsCRtosAlPeriodic_Task_15onRunER16DsCErrorListPool
                0x0000000000002c10                _ZN24DsCRtosAlPeriodic_Task_1C1ER16DsCErrorListPoolP14DsCApplicationPKcjjjjjjjP7DsCTaskj
                0x0000000000002c10                _ZN24DsCRtosAlPeriodic_Task_1C2ER16DsCErrorListPoolP14DsCApplicationPKcjjjjjjjP7DsCTaskj
                0x0000000000002c60                _ZN24DsCRtosAlPeriodic_Task_16createER16DsCErrorListPoolP14DsCApplicationPKcjjjjjjjP7DsCTaskj
                0x0000000000002d10                _Z37RtosAlDefaultDeadlineViolationHandlerR16DsCErrorListPoolP7DsCTask
                0x0000000000002db0                _Z35RtosAlProfilerSourcesInitializationv
                0x0000000000002dc0                _Z20RtosAlHandleOverrunsP7DsCTaski
                0x0000000000002e90                _ZN24DsCRtosAlPeriodic_Task_19onOverrunER16DsCErrorListPool
 *fill*         0x0000000000002ea2        0xe 
 .text          0x0000000000002eb0       0xdf rtosal_taskap.o64
                0x0000000000002eb0                DSFMUGetAbsoluteTime
                0x0000000000002ed0                RtosAlTask_02_TaskEntry
                0x0000000000002ef0                RtosAlTask_02_TaskExit
 *fill*         0x0000000000002f8f        0x1 
 .text          0x0000000000002f90      0x283 rtosal_simengineap.o64
                0x0000000000002f90                _Z12RtosAlOnInitR16DsCErrorListPool
                0x0000000000003060                _Z13RtosAlOnStartR16DsCErrorListPool
 .text          0x0000000000003213        0x0 IOCode_Data.o64
 *fill*         0x0000000000003213        0xd 
 .text          0x0000000000003220       0x86 dssimengine_accesspoint_Ethernet_Switch.o64
                0x0000000000003220                _Z73ApSimEngineOnInitIoPreRtosInit_ctlcBODY_2_Ethernet_Switch_RTPC2_S1_DS6333R16DsCErrorListPoolP14DsCApplication
                0x0000000000003240                _Z74ApSimEngineOnInitIoPostRtosInit_ctlcBODY_0_Ethernet_Switch_RTPC2_S1_DS6333R16DsCErrorListPool
 *fill*         0x00000000000032a6        0xa 
 .text          0x00000000000032b0      0x391 DsDefEnv_mdlfunctions.o64
                0x00000000000032b0                DsDefEnv_DSFMUProvideInputs
                0x00000000000032c0                DsDefEnv_DSFMUGetOutputs
                0x00000000000032d0                DsDefEnv_DSFMUProvideParameters
                0x00000000000032e0                DsDefEnv_DSFMUProvideParametersInit
                0x00000000000032f0                DsDefEnv_DSFMUGetDependentParameters
                0x0000000000003300                DsDefEnv_DSFMUGetDependentParametersInit
                0x0000000000003310                DsDefEnv_DSFMUTerminateSimulation
                0x0000000000003350                DsDefEnv_DSFMUInitMdl
                0x00000000000033d0                DsDefEnv_DSFMUStartMdl
                0x00000000000034d0                DsDefEnv_DSFMUForceStopMdl
                0x0000000000003560                DsDefEnv_DSFMUStep
                0x00000000000035e0                DsDefEnv_DSFMUStopMdl
                0x0000000000003640                DsDefEnv_DSFMUCheckForSimulationStopCondition
 *fill*         0x0000000000003641        0xf 
 .text          0x0000000000003650      0x4ab dsfmu_logger.o64
                0x0000000000003650                _ZN11DSFMULogger17fmiStatusToStringB5cxx11E10fmi2Status
                0x0000000000003760                _ZN11DSFMULogger9fmuLoggerEPvPKc10fmi2StatusS2_S2_z
                0x0000000000003890                _ZN12DSFMULogger317fmiStatusToStringB5cxx11E10fmi3Status
                0x0000000000003980                _ZN12DSFMULogger39fmuLoggerEPvPKc10fmi3StatusS2_S2_z
 *fill*         0x0000000000003afb        0x5 
 .text          0x0000000000003b00       0xb3 dsfmu_callbacks.o64
                0x0000000000003b00                _ZN14DSFMUCallBacks17cb_lockPreemptionEv
                0x0000000000003b10                _ZN14DSFMUCallBacks19cb_unlockPreemptionEv
                0x0000000000003b20                _ZN14DSFMUCallBacks13cb_logMessageEPvPKc10fmi3StatusS2_S2_
                0x0000000000003b90                _ZN14DSFMUCallBacks17cb_allocateMemoryEPvmm
                0x0000000000003ba0                _ZN14DSFMUCallBacks13cb_freeMemoryEPvS0_
                0x0000000000003bb0                _ZN14DSFMUCallBacks21cb_intermediateUpdateEPvdbbbbbb
 *fill*         0x0000000000003bb3        0xd 
 .text          0x0000000000003bc0       0x51 dsfmu_readwrite.o64
                0x0000000000003bc0                _Z25GetApplicationDownloadDirPKc
                0x0000000000003c00                DsDefEnv_DSFMUReadInputs
                0x0000000000003c10                _Z26DsDefEnv_DSFMUWriteOutputsv
 *fill*         0x0000000000003c11        0xf 
 .text          0x0000000000003c20      0x283 D:\Users\xiangl\AppData\Local\Temp\dSPACE\CfgDesk\Cache\1\DummyApp_XILAPI_ESI_Testing\Build\AppProc_Slave\Compile\DsDefEnv\DsDefEnv.a(DsDefEnv.o64)
                0x0000000000003c20                DsDefEnv_fmi2GetTypesPlatform
                0x0000000000003c30                DsDefEnv_fmi2GetVersion
                0x0000000000003c40                DsDefEnv_fmi2SetDebugLogging
                0x0000000000003c50                DsDefEnv_fmi2Instantiate
                0x0000000000003d20                DsDefEnv_fmi2FreeInstance
                0x0000000000003d40                DsDefEnv_fmi2SetupExperiment
                0x0000000000003d50                DsDefEnv_fmi2EnterInitializationMode
                0x0000000000003d60                DsDefEnv_fmi2ExitInitializationMode
                0x0000000000003d70                DsDefEnv_fmi2Terminate
                0x0000000000003d80                DsDefEnv_fmi2Reset
                0x0000000000003d90                DsDefEnv_fmi2GetReal
                0x0000000000003da0                DsDefEnv_fmi2GetInteger
                0x0000000000003db0                DsDefEnv_fmi2GetBoolean
                0x0000000000003dc0                DsDefEnv_fmi2GetString
                0x0000000000003dd0                DsDefEnv_fmi2SetReal
                0x0000000000003de0                DsDefEnv_fmi2SetInteger
                0x0000000000003df0                DsDefEnv_fmi2SetBoolean
                0x0000000000003e00                DsDefEnv_fmi2SetString
                0x0000000000003e10                DsDefEnv_fmi2GetDirectionalDerivative
                0x0000000000003e20                DsDefEnv_fmi2SetRealInputDerivatives
                0x0000000000003e30                DsDefEnv_fmi2GetRealOutputDerivatives
                0x0000000000003e40                DsDefEnv_fmi2DoStep
                0x0000000000003e50                DsDefEnv_fmi2CancelStep
                0x0000000000003e60                DsDefEnv_fmi2GetStatus
                0x0000000000003e70                DsDefEnv_fmi2GetRealStatus
                0x0000000000003e80                DsDefEnv_fmi2GetIntegerStatus
                0x0000000000003e90                DsDefEnv_fmi2GetBooleanStatus
                0x0000000000003ea0                DsDefEnv_fmi2GetStringStatus
 *fill*         0x0000000000003ea3        0xd 
 .text          0x0000000000003eb0       0x61 C:\dSPACE\R2022A\dSPACE RCPHIL 2022-A\Compiler\Linux_4.14_GCC_10.3\target\x86_64-linux-gnu\lib\libc_nonshared.a(elf-init.oS)
                0x0000000000003eb0                __libc_csu_init
                0x0000000000003f10                __libc_csu_fini
 .text          0x0000000000003f11        0x0 c:/dspace/r2022a/dspace rcphil 2022-a/compiler/linux_4.14_gcc_10.3/target/x86_64-linux-gnu/bin/../lib/gcc/x86_64-linux-gnu/10.3.0/crtendS.o
 .text          0x0000000000003f11        0x0 c:/dspace/r2022a/dspace rcphil 2022-a/compiler/linux_4.14_gcc_10.3/target/x86_64-linux-gnu/bin/../../x86_64-linux-gnu/lib/crtn.o
 *(.gnu.warning)

.fini           0x0000000000003f14        0xe
 *(SORT_NONE(.fini))
 .fini          0x0000000000003f14        0x4 c:/dspace/r2022a/dspace rcphil 2022-a/compiler/linux_4.14_gcc_10.3/target/x86_64-linux-gnu/bin/../../x86_64-linux-gnu/lib/crti.o
                0x0000000000003f14                _fini
 .fini          0x0000000000003f18        0x5 c:/dspace/r2022a/dspace rcphil 2022-a/compiler/linux_4.14_gcc_10.3/target/x86_64-linux-gnu/bin/../lib/gcc/x86_64-linux-gnu/10.3.0/crtbeginS.o
 .fini          0x0000000000003f1d        0x5 c:/dspace/r2022a/dspace rcphil 2022-a/compiler/linux_4.14_gcc_10.3/target/x86_64-linux-gnu/bin/../../x86_64-linux-gnu/lib/crtn.o
                [!provide]                        PROVIDE (__etext = .)
                [!provide]                        PROVIDE (_etext = .)
                [!provide]                        PROVIDE (etext = .)
                0x0000000000004000                . = ALIGN (CONSTANT (MAXPAGESIZE))
                0x0000000000004000                . = SEGMENT_START ("rodata-segment", (ALIGN (CONSTANT (MAXPAGESIZE)) + (. & (CONSTANT (MAXPAGESIZE) - 0x1))))

.rodata         0x0000000000004000      0x461
 *(.rodata .rodata.* .gnu.linkonce.r.*)
 .rodata.cst4   0x0000000000004000        0x4 c:/dspace/r2022a/dspace rcphil 2022-a/compiler/linux_4.14_gcc_10.3/target/x86_64-linux-gnu/bin/../../x86_64-linux-gnu/lib/Scrt1.o
                0x0000000000004000                _IO_stdin_used
 *fill*         0x0000000000004004        0x4 
 .rodata        0x0000000000004008        0x8 dssimengine_accesspoint.o64
 .rodata._ZTS18DsCApplicationMain
                0x0000000000004010       0x15 dssimengine_main.o64
                0x0000000000004010                _ZTS18DsCApplicationMain
 .rodata.str1.1
                0x0000000000004025       0x2a dssimengine_main.o64
 .rodata.str1.1
                0x000000000000404f       0x38 rtosal_task.o64
 *fill*         0x0000000000004087        0x1 
 .rodata.str1.8
                0x0000000000004088       0xee rtosal_task.o64
 *fill*         0x0000000000004176        0xa 
 .rodata._ZTS24DsCRtosAlPeriodic_Task_1
                0x0000000000004180       0x1b rtosal_task.o64
                0x0000000000004180                _ZTS24DsCRtosAlPeriodic_Task_1
 *fill*         0x000000000000419b        0x5 
 .rodata.cst8   0x00000000000041a0        0x8 rtosal_taskap.o64
 .rodata.str1.8
                0x00000000000041a8       0x62 rtosal_simengineap.o64
 .rodata.str1.1
                0x000000000000420a       0x44 rtosal_simengineap.o64
 *fill*         0x000000000000424e        0x2 
 .rodata.cst8   0x0000000000004250        0x8 rtosal_simengineap.o64
                                         0x10 (size before relaxing)
 .rodata.str1.1
                0x0000000000004258        0xe IOCode_Data.o64
 *fill*         0x0000000000004266        0x2 
 .rodata.str1.8
                0x0000000000004268       0x4b dssimengine_accesspoint_Ethernet_Switch.o64
 *fill*         0x00000000000042b3        0x5 
 .rodata.str1.8
                0x00000000000042b8       0x7b DsDefEnv_mdlfunctions.o64
 .rodata.str1.1
                0x0000000000004333       0x2e DsDefEnv_mdlfunctions.o64
 .rodata.cst8   0x0000000000004361        0x8 DsDefEnv_mdlfunctions.o64
 *fill*         0x0000000000004361        0x3 
 .rodata        0x0000000000004364       0x2c dsfmu_logger.o64
 .rodata.str1.1
                0x0000000000004390       0x1a dsfmu_logger.o64
 .rodata.str1.1
                0x00000000000043aa       0x18 dsfmu_callbacks.o64
 .rodata.str1.1
                0x00000000000043aa       0x17 dsfmu_readwrite.o64
 .rodata.str1.1
                0x00000000000043c1       0x13 D:\Users\xiangl\AppData\Local\Temp\dSPACE\CfgDesk\Cache\1\DummyApp_XILAPI_ESI_Testing\Build\AppProc_Slave\Compile\DsDefEnv\DsDefEnv.a(DsDefEnv.o64)
 *fill*         0x00000000000043d4        0x4 
 .rodata.str1.8
                0x00000000000043d8       0x89 D:\Users\xiangl\AppData\Local\Temp\dSPACE\CfgDesk\Cache\1\DummyApp_XILAPI_ESI_Testing\Build\AppProc_Slave\Compile\DsDefEnv\DsDefEnv.a(DsDefEnv.o64)
                                         0xb1 (size before relaxing)

.rodata1
 *(.rodata1)

.eh_frame_hdr   0x0000000000004464      0x43c
 *(.eh_frame_hdr)
 .eh_frame_hdr  0x0000000000004464      0x43c c:/dspace/r2022a/dspace rcphil 2022-a/compiler/linux_4.14_gcc_10.3/target/x86_64-linux-gnu/bin/../../x86_64-linux-gnu/lib/Scrt1.o
                0x0000000000004464                __GNU_EH_FRAME_HDR
 *(.eh_frame_entry .eh_frame_entry.*)

.eh_frame       0x00000000000048a0     0x10b0
 *(.eh_frame)
 .eh_frame      0x00000000000048a0       0x30 c:/dspace/r2022a/dspace rcphil 2022-a/compiler/linux_4.14_gcc_10.3/target/x86_64-linux-gnu/bin/../../x86_64-linux-gnu/lib/Scrt1.o
                                         0x2c (size before relaxing)
 *fill*         0x00000000000048d0        0x0 
 .eh_frame      0x00000000000048d0       0x40 c:/dspace/r2022a/dspace rcphil 2022-a/compiler/linux_4.14_gcc_10.3/target/x86_64-linux-gnu/bin/../../x86_64-linux-gnu/lib/Scrt1.o
 .eh_frame      0x0000000000004910       0x18 c:/dspace/r2022a/dspace rcphil 2022-a/compiler/linux_4.14_gcc_10.3/target/x86_64-linux-gnu/bin/../../x86_64-linux-gnu/lib/Scrt1.o
                                         0x30 (size before relaxing)
 .eh_frame      0x0000000000004928       0x48 mdladapter_mdlfunctions.o64
                                         0x60 (size before relaxing)
 .eh_frame      0x0000000000004970       0x18 fm_entry_ap.o64
                                         0x30 (size before relaxing)
 .eh_frame      0x0000000000004988       0x18 fm_exit_ap.o64
                                         0x30 (size before relaxing)
 .eh_frame      0x00000000000049a0      0x3a0 dssimengine_accesspoint.o64
                                        0x3b8 (size before relaxing)
 .eh_frame      0x0000000000004d40       0x58 dssimengine_api.o64
                                         0x70 (size before relaxing)
 .eh_frame      0x0000000000004d98      0x1b8 dssimengine_main.o64
                                        0x1d0 (size before relaxing)
 .eh_frame      0x0000000000004f50      0x1f8 rtosal_task.o64
                                        0x230 (size before relaxing)
 .eh_frame      0x0000000000005148       0x50 rtosal_taskap.o64
                                         0x68 (size before relaxing)
 .eh_frame      0x0000000000005198       0xb8 rtosal_simengineap.o64
                                         0xd0 (size before relaxing)
 .eh_frame      0x0000000000005250       0x18 IOCode_Data.o64
                                         0x30 (size before relaxing)
 .eh_frame      0x0000000000005268       0x48 dssimengine_accesspoint_Ethernet_Switch.o64
                                         0x60 (size before relaxing)
 .eh_frame      0x00000000000052b0      0x158 DsDefEnv_mdlfunctions.o64
                                        0x170 (size before relaxing)
 .eh_frame      0x0000000000005408      0x148 dsfmu_logger.o64
                                        0x180 (size before relaxing)
 .eh_frame      0x0000000000005550       0xe8 dsfmu_callbacks.o64
                                        0x120 (size before relaxing)
 .eh_frame      0x0000000000005638       0x48 dsfmu_readwrite.o64
                                         0x60 (size before relaxing)
 .eh_frame      0x0000000000005680      0x270 D:\Users\xiangl\AppData\Local\Temp\dSPACE\CfgDesk\Cache\1\DummyApp_XILAPI_ESI_Testing\Build\AppProc_Slave\Compile\DsDefEnv\DsDefEnv.a(DsDefEnv.o64)
                                        0x288 (size before relaxing)
 .eh_frame      0x00000000000058f0       0x5c C:\dSPACE\R2022A\dSPACE RCPHIL 2022-A\Compiler\Linux_4.14_GCC_10.3\target\x86_64-linux-gnu\lib\libc_nonshared.a(elf-init.oS)
                                         0x78 (size before relaxing)
 .eh_frame      0x000000000000594c        0x4 c:/dspace/r2022a/dspace rcphil 2022-a/compiler/linux_4.14_gcc_10.3/target/x86_64-linux-gnu/bin/../lib/gcc/x86_64-linux-gnu/10.3.0/crtendS.o
 *(.eh_frame.*)

.gcc_except_table
                0x0000000000005950       0x76
 *(.gcc_except_table .gcc_except_table.*)
 .gcc_except_table
                0x0000000000005950       0x14 dssimengine_main.o64
 .gcc_except_table
                0x0000000000005964       0x16 rtosal_task.o64
 .gcc_except_table
                0x000000000000597a       0x38 dsfmu_logger.o64
 .gcc_except_table
                0x00000000000059b2       0x14 dsfmu_callbacks.o64

.gnu_extab
 *(.gnu_extab*)

.exception_ranges
 *(.exception_ranges*)
                0x0000000000006ad0                . = DATA_SEGMENT_ALIGN (CONSTANT (MAXPAGESIZE), CONSTANT (COMMONPAGESIZE))

.eh_frame
 *(.eh_frame)
 *(.eh_frame.*)

.gnu_extab
 *(.gnu_extab)

.gcc_except_table
 *(.gcc_except_table .gcc_except_table.*)

.exception_ranges
 *(.exception_ranges*)

.tdata          0x0000000000006ad0        0x0
                [!provide]                        PROVIDE (__tdata_start = .)
 *(.tdata .tdata.* .gnu.linkonce.td.*)

.tbss
 *(.tbss .tbss.* .gnu.linkonce.tb.*)
 *(.tcommon)

.preinit_array  0x0000000000006ad0        0x0
                [!provide]                        PROVIDE (__preinit_array_start = .)
 *(.preinit_array)
                [!provide]                        PROVIDE (__preinit_array_end = .)

.init_array     0x0000000000006ad0       0x28
                0x0000000000006ad0                PROVIDE (__init_array_start = .)
 *(SORT_BY_INIT_PRIORITY(.init_array.*) SORT_BY_INIT_PRIORITY(.ctors.*))
 *(.init_array EXCLUDE_FILE(*crtend?.o *crtend.o *crtbegin?.o *crtbegin.o) .ctors)
 .init_array    0x0000000000006ad0        0x8 c:/dspace/r2022a/dspace rcphil 2022-a/compiler/linux_4.14_gcc_10.3/target/x86_64-linux-gnu/bin/../lib/gcc/x86_64-linux-gnu/10.3.0/crtbeginS.o
 .ctors         0x0000000000006ad8       0x10 dssimengine_main.o64
 .ctors         0x0000000000006ae8        0x8 rtosal_simengineap.o64
 .ctors         0x0000000000006af0        0x8 IOCode_Data.o64
                0x0000000000006af8                PROVIDE (__init_array_end = .)

.fini_array     0x0000000000006af8        0x0
                [!provide]                        PROVIDE (__fini_array_start = .)
 *(SORT_BY_INIT_PRIORITY(.fini_array.*) SORT_BY_INIT_PRIORITY(.dtors.*))
 *(.fini_array EXCLUDE_FILE(*crtend?.o *crtend.o *crtbegin?.o *crtbegin.o) .dtors)
                [!provide]                        PROVIDE (__fini_array_end = .)

.ctors          0x0000000000006af8       0x10
 *crtbegin.o(.ctors)
 *crtbegin?.o(.ctors)
 .ctors         0x0000000000006af8        0x8 c:/dspace/r2022a/dspace rcphil 2022-a/compiler/linux_4.14_gcc_10.3/target/x86_64-linux-gnu/bin/../lib/gcc/x86_64-linux-gnu/10.3.0/crtbeginS.o
 *(EXCLUDE_FILE(*crtend?.o *crtend.o) .ctors)
 *(SORT_BY_NAME(.ctors.*))
 *(.ctors)
 .ctors         0x0000000000006b00        0x8 c:/dspace/r2022a/dspace rcphil 2022-a/compiler/linux_4.14_gcc_10.3/target/x86_64-linux-gnu/bin/../lib/gcc/x86_64-linux-gnu/10.3.0/crtendS.o

.dtors          0x0000000000006b08       0x10
 *crtbegin.o(.dtors)
 *crtbegin?.o(.dtors)
 .dtors         0x0000000000006b08        0x8 c:/dspace/r2022a/dspace rcphil 2022-a/compiler/linux_4.14_gcc_10.3/target/x86_64-linux-gnu/bin/../lib/gcc/x86_64-linux-gnu/10.3.0/crtbeginS.o
 *(EXCLUDE_FILE(*crtend?.o *crtend.o) .dtors)
 *(SORT_BY_NAME(.dtors.*))
 *(.dtors)
 .dtors         0x0000000000006b10        0x8 c:/dspace/r2022a/dspace rcphil 2022-a/compiler/linux_4.14_gcc_10.3/target/x86_64-linux-gnu/bin/../lib/gcc/x86_64-linux-gnu/10.3.0/crtendS.o
                0x0000000000006b10                __DTOR_END__

.jcr
 *(.jcr)

.data.rel.ro    0x0000000000006b18       0xb0
 *(.data.rel.ro.local* .gnu.linkonce.d.rel.ro.local.*)
 *(.data.rel.ro .data.rel.ro.* .gnu.linkonce.d.rel.ro.*)
 .data.rel.ro   0x0000000000006b18        0x0 c:/dspace/r2022a/dspace rcphil 2022-a/compiler/linux_4.14_gcc_10.3/target/x86_64-linux-gnu/bin/../../x86_64-linux-gnu/lib/Scrt1.o
 .data.rel.ro._ZTI18DsCApplicationMain
                0x0000000000006b18       0x18 dssimengine_main.o64
                0x0000000000006b18                _ZTI18DsCApplicationMain
 .data.rel.ro._ZTV18DsCApplicationMain
                0x0000000000006b30       0x50 dssimengine_main.o64
                0x0000000000006b30                _ZTV18DsCApplicationMain
 .data.rel.ro._ZTI24DsCRtosAlPeriodic_Task_1
                0x0000000000006b80       0x18 rtosal_task.o64
                0x0000000000006b80                _ZTI24DsCRtosAlPeriodic_Task_1
 .data.rel.ro._ZTV24DsCRtosAlPeriodic_Task_1
                0x0000000000006b98       0x30 rtosal_task.o64
                0x0000000000006b98                _ZTV24DsCRtosAlPeriodic_Task_1

.dynamic        0x0000000000006bc8      0x250
 *(.dynamic)
 .dynamic       0x0000000000006bc8      0x250 c:/dspace/r2022a/dspace rcphil 2022-a/compiler/linux_4.14_gcc_10.3/target/x86_64-linux-gnu/bin/../../x86_64-linux-gnu/lib/Scrt1.o
                0x0000000000006bc8                _DYNAMIC

.got            0x0000000000006e18      0x1e8
 *(.got)
 .got           0x0000000000006e18      0x1e8 c:/dspace/r2022a/dspace rcphil 2022-a/compiler/linux_4.14_gcc_10.3/target/x86_64-linux-gnu/bin/../../x86_64-linux-gnu/lib/Scrt1.o
 *(.igot)
                0x0000000000007fe8                . = DATA_SEGMENT_RELRO_END (., (SIZEOF (.got.plt) >= 0x18)?0x18:0x0)

.got.plt        0x0000000000007000       0x18
 *(.got.plt)
 .got.plt       0x0000000000007000       0x18 c:/dspace/r2022a/dspace rcphil 2022-a/compiler/linux_4.14_gcc_10.3/target/x86_64-linux-gnu/bin/../../x86_64-linux-gnu/lib/Scrt1.o
                0x0000000000007000                _GLOBAL_OFFSET_TABLE_
 *(.igot.plt)

.data           0x0000000000007020      0x108
 *(.data .data.* .gnu.linkonce.d.*)
 .data          0x0000000000007020        0x4 c:/dspace/r2022a/dspace rcphil 2022-a/compiler/linux_4.14_gcc_10.3/target/x86_64-linux-gnu/bin/../../x86_64-linux-gnu/lib/Scrt1.o
                0x0000000000007020                __data_start
                0x0000000000007020                data_start
 .data          0x0000000000007024        0x0 c:/dspace/r2022a/dspace rcphil 2022-a/compiler/linux_4.14_gcc_10.3/target/x86_64-linux-gnu/bin/../../x86_64-linux-gnu/lib/crti.o
 .data          0x0000000000007024        0x0 c:/dspace/r2022a/dspace rcphil 2022-a/compiler/linux_4.14_gcc_10.3/target/x86_64-linux-gnu/bin/../lib/gcc/x86_64-linux-gnu/10.3.0/crtbeginS.o
 *fill*         0x0000000000007024        0x4 
 .data.rel.local
                0x0000000000007028        0x8 c:/dspace/r2022a/dspace rcphil 2022-a/compiler/linux_4.14_gcc_10.3/target/x86_64-linux-gnu/bin/../lib/gcc/x86_64-linux-gnu/10.3.0/crtbeginS.o
                0x0000000000007028                __dso_handle
 .data          0x0000000000007030        0x0 mdladapter_mdlfunctions.o64
 .data          0x0000000000007030        0x0 mdlCode_ap.o64
 .data          0x0000000000007030        0x0 data_in_ap.o64
 .data          0x0000000000007030        0x0 data_out_ap.o64
 .data          0x0000000000007030        0x0 fm_entry_ap.o64
 .data          0x0000000000007030        0x0 fm_exit_ap.o64
 .data          0x0000000000007030        0x1 dssimengine_accesspoint.o64
                0x0000000000007030                isFirstSimulation
 .data          0x0000000000007031        0x0 dssimengine_api.o64
 *fill*         0x0000000000007031        0x3 
 .data          0x0000000000007034        0xc dssimengine_main.o64
                0x0000000000007034                DsFwIfVersion
                0x0000000000007038                DsApplIfVersion
                0x000000000000703c                SimEngineLastApplState
 .data.rel      0x0000000000007040       0x50 dssimengine_main.o64
                0x0000000000007040                ApplInfoDsCApplicationMain
 .data.rel.local.DW.ref.__gxx_personality_v0
                0x0000000000007090        0x8 dssimengine_main.o64
                0x0000000000007090                DW.ref.__gxx_personality_v0
 .data          0x0000000000007098        0x8 rtosal_task.o64
                0x0000000000007098                rampUpTimeInit
 .data          0x00000000000070a0        0x0 rtosal_taskap.o64
 .data          0x00000000000070a0       0x14 rtosal_simengineap.o64
                0x00000000000070a0                ScalingFactor
                0x00000000000070a8                g_dsrtt_comm_enabled
 *fill*         0x00000000000070b4        0xc 
 .data          0x00000000000070c0       0x34 IOCode_Data.o64
                0x00000000000070c0                g_ResourceMap
 .data          0x00000000000070f4        0x0 dssimengine_accesspoint_Ethernet_Switch.o64
 .data          0x00000000000070f4        0x0 DsDefEnv_mdlfunctions.o64
 *fill*         0x00000000000070f4        0xc 
 .data.rel      0x0000000000007100       0x28 DsDefEnv_mdlfunctions.o64
                0x0000000000007100                DsDefEnv_DSFMUcallbackFunctions
 .data          0x0000000000007128        0x0 dsfmu_logger.o64
 .data          0x0000000000007128        0x0 dsfmu_callbacks.o64
 .data          0x0000000000007128        0x0 dsfmu_readwrite.o64
 .data          0x0000000000007128        0x0 D:\Users\xiangl\AppData\Local\Temp\dSPACE\CfgDesk\Cache\1\DummyApp_XILAPI_ESI_Testing\Build\AppProc_Slave\Compile\DsDefEnv\DsDefEnv.a(DsDefEnv.o64)
 .data          0x0000000000007128        0x0 C:\dSPACE\R2022A\dSPACE RCPHIL 2022-A\Compiler\Linux_4.14_GCC_10.3\target\x86_64-linux-gnu\lib\libc_nonshared.a(elf-init.oS)
 .data          0x0000000000007128        0x0 c:/dspace/r2022a/dspace rcphil 2022-a/compiler/linux_4.14_gcc_10.3/target/x86_64-linux-gnu/bin/../lib/gcc/x86_64-linux-gnu/10.3.0/crtendS.o
 .data          0x0000000000007128        0x0 c:/dspace/r2022a/dspace rcphil 2022-a/compiler/linux_4.14_gcc_10.3/target/x86_64-linux-gnu/bin/../../x86_64-linux-gnu/lib/crtn.o

.tm_clone_table
                0x0000000000007128        0x0
 .tm_clone_table
                0x0000000000007128        0x0 c:/dspace/r2022a/dspace rcphil 2022-a/compiler/linux_4.14_gcc_10.3/target/x86_64-linux-gnu/bin/../lib/gcc/x86_64-linux-gnu/10.3.0/crtbeginS.o
 .tm_clone_table
                0x0000000000007128        0x0 c:/dspace/r2022a/dspace rcphil 2022-a/compiler/linux_4.14_gcc_10.3/target/x86_64-linux-gnu/bin/../lib/gcc/x86_64-linux-gnu/10.3.0/crtendS.o

.data1
 *(.data1)
                0x0000000000007128                _edata = .
                [!provide]                        PROVIDE (edata = .)
                0x0000000000007128                . = .
                0x0000000000007128                __bss_start = .

.bss            0x0000000000007140      0x580
 *(.dynbss)
 .dynbss        0x0000000000007140        0x0 c:/dspace/r2022a/dspace rcphil 2022-a/compiler/linux_4.14_gcc_10.3/target/x86_64-linux-gnu/bin/../../x86_64-linux-gnu/lib/Scrt1.o
 *(.bss .bss.* .gnu.linkonce.b.*)
 .bss           0x0000000000007140        0x0 c:/dspace/r2022a/dspace rcphil 2022-a/compiler/linux_4.14_gcc_10.3/target/x86_64-linux-gnu/bin/../../x86_64-linux-gnu/lib/Scrt1.o
 .bss           0x0000000000007140        0x0 c:/dspace/r2022a/dspace rcphil 2022-a/compiler/linux_4.14_gcc_10.3/target/x86_64-linux-gnu/bin/../../x86_64-linux-gnu/lib/crti.o
 .bss           0x0000000000007140       0x10 c:/dspace/r2022a/dspace rcphil 2022-a/compiler/linux_4.14_gcc_10.3/target/x86_64-linux-gnu/bin/../lib/gcc/x86_64-linux-gnu/10.3.0/crtbeginS.o
 .bss           0x0000000000007150        0x0 mdladapter_mdlfunctions.o64
 .bss           0x0000000000007150        0x0 mdlCode_ap.o64
 .bss           0x0000000000007150        0x0 data_in_ap.o64
 .bss           0x0000000000007150        0x0 data_out_ap.o64
 .bss           0x0000000000007150        0x0 fm_entry_ap.o64
 .bss           0x0000000000007150        0x0 fm_exit_ap.o64
 .bss           0x0000000000007150       0x68 dssimengine_accesspoint.o64
                0x0000000000007150                xilApiEesPortTrigger
                0x0000000000007158                xilApiEesPortFlags
                0x0000000000007160                pXilApiEesPortErrorSwitching
                0x0000000000007168                pXilApiEesPortErrorActivated
                0x0000000000007170                pXilApiEesPortActiveErrorSet
                0x0000000000007178                pFailureSimulationRelaySwitching
                0x0000000000007180                pFailureSimulationSequenceCount
                0x0000000000007188                pFailureSimulationFailureActivated
                0x0000000000007190                pFailureSimulationFailureConfigured
                0x0000000000007198                pFailureSimulationClientConnected
                0x00000000000071a0                MemoryUsage
                0x00000000000071a8                pFuseRestoreRequest
                0x00000000000071b0                pFuseActualStatus
 .bss           0x00000000000071b8        0x0 dssimengine_api.o64
 .bss           0x00000000000071b8       0x10 dssimengine_main.o64
                0x00000000000071b8                _ZN18DsCApplicationMain11s_pInstanceE
                0x00000000000071c0                ErrorList
 .bss           0x00000000000071c8       0x40 rtosal_task.o64
                0x00000000000071c8                DsDefEnv_DSFMUStep_MaxTurnaroundTime
                0x00000000000071d0                RtosAlCompFuncTime_DsDefEnv_DSFMUStep
                0x00000000000071d8                StepCounter_Periodic_Task_1
                0x00000000000071e0                RtosAlTaskSimTime_Periodic_Task_1
                0x00000000000071e8                rampUpTime
                0x00000000000071f0                pRtosAlTimer_Periodic_Task_1
                0x00000000000071f8                pRtosAlPeriodic_Task_1
                0x0000000000007200                _ZN24DsCRtosAlPeriodic_Task_111m_pInstanceE
 .bss           0x0000000000007208        0x0 rtosal_taskap.o64
 *fill*         0x0000000000007208       0x18 
 .bss           0x0000000000007220       0x78 rtosal_simengineap.o64
                0x0000000000007220                Periodic_Task_1Vars_MaxTurnaroundTime
                0x0000000000007240                Periodic_Task_1Vars
                0x0000000000007240                Periodic_Task_1Vars_OvnCounter
                0x0000000000007248                Periodic_Task_1Vars_TurnaroundTime
                0x0000000000007250                Periodic_Task_1Vars_Calls
                0x0000000000007258                Periodic_Task_1Vars_QueueCounter
                0x0000000000007260                Periodic_Task_1Vars_AbsoluteTime
                0x0000000000007290                ScaledTimeInterval
 .bss           0x0000000000007298       0x10 IOCode_Data.o64
                0x0000000000007298                DsDefEnv_FunctionModule_StepFunction
                0x00000000000072a0                pEthernet_Switch_RTPC2_S1_DS6333_DriverHandle
 .bss           0x00000000000072a8        0x0 dssimengine_accesspoint_Ethernet_Switch.o64
 .bss           0x00000000000072a8       0x18 DsDefEnv_mdlfunctions.o64
                0x00000000000072a8                DsDefEnv_StartedOnce
                0x00000000000072ac                DsDefEnv_DSFMUfmiGlobalErrorStatus
                0x00000000000072b0                DsDefEnv_DSFMUfmiErrorStatus
                0x00000000000072b8                DsDefEnv_DSFMUfmuComponent
 .bss           0x00000000000072c0        0x0 dsfmu_logger.o64
 .bss           0x00000000000072c0        0x0 dsfmu_callbacks.o64
 .bss           0x00000000000072c0      0x400 dsfmu_readwrite.o64
 .bss           0x00000000000076c0        0x0 D:\Users\xiangl\AppData\Local\Temp\dSPACE\CfgDesk\Cache\1\DummyApp_XILAPI_ESI_Testing\Build\AppProc_Slave\Compile\DsDefEnv\DsDefEnv.a(DsDefEnv.o64)
 .bss           0x00000000000076c0        0x0 C:\dSPACE\R2022A\dSPACE RCPHIL 2022-A\Compiler\Linux_4.14_GCC_10.3\target\x86_64-linux-gnu\lib\libc_nonshared.a(elf-init.oS)
 .bss           0x00000000000076c0        0x0 c:/dspace/r2022a/dspace rcphil 2022-a/compiler/linux_4.14_gcc_10.3/target/x86_64-linux-gnu/bin/../lib/gcc/x86_64-linux-gnu/10.3.0/crtendS.o
 .bss           0x00000000000076c0        0x0 c:/dspace/r2022a/dspace rcphil 2022-a/compiler/linux_4.14_gcc_10.3/target/x86_64-linux-gnu/bin/../../x86_64-linux-gnu/lib/crtn.o
 *(COMMON)
                0x00000000000076c0                . = ALIGN ((. != 0x0)?0x8:0x1)

.lbss
 *(.dynlbss)
 *(.lbss .lbss.* .gnu.linkonce.lb.*)
 *(LARGE_COMMON)
                0x00000000000076c0                . = ALIGN (0x8)
                0x00000000000076c0                . = SEGMENT_START ("ldata-segment", .)

.lrodata
 *(.lrodata .lrodata.* .gnu.linkonce.lr.*)

.ldata          0x00000000000096c0        0x0
 *(.ldata .ldata.* .gnu.linkonce.l.*)
                0x00000000000096c0                . = ALIGN ((. != 0x0)?0x8:0x1)
                0x00000000000096c0                . = ALIGN (0x8)
                0x00000000000076c0                _end = .
                [!provide]                        PROVIDE (end = .)
                0x00000000000096c0                . = DATA_SEGMENT_END (.)

.stab
 *(.stab)

.stabstr
 *(.stabstr)

.stab.excl
 *(.stab.excl)

.stab.exclstr
 *(.stab.exclstr)

.stab.index
 *(.stab.index)

.stab.indexstr
 *(.stab.indexstr)

.comment        0x0000000000000000       0x3c
 *(.comment)
 .comment       0x0000000000000000       0x12 c:/dspace/r2022a/dspace rcphil 2022-a/compiler/linux_4.14_gcc_10.3/target/x86_64-linux-gnu/bin/../../x86_64-linux-gnu/lib/Scrt1.o
                                         0x26 (size before relaxing)
 .comment       0x0000000000000012       0x2a c:/dspace/r2022a/dspace rcphil 2022-a/compiler/linux_4.14_gcc_10.3/target/x86_64-linux-gnu/bin/../lib/gcc/x86_64-linux-gnu/10.3.0/crtbeginS.o
                                         0x2b (size before relaxing)
 .comment       0x000000000000003c       0x13 mdladapter_mdlfunctions.o64
 .comment       0x000000000000003c       0x13 mdlCode_ap.o64
 .comment       0x000000000000003c       0x13 data_in_ap.o64
 .comment       0x000000000000003c       0x13 data_out_ap.o64
 .comment       0x000000000000003c       0x13 fm_entry_ap.o64
 .comment       0x000000000000003c       0x13 fm_exit_ap.o64
 .comment       0x000000000000003c       0x13 dssimengine_accesspoint.o64
 .comment       0x000000000000003c       0x13 dssimengine_api.o64
 .comment       0x000000000000003c       0x13 dssimengine_main.o64
 .comment       0x000000000000003c       0x13 rtosal_task.o64
 .comment       0x000000000000003c       0x13 rtosal_taskap.o64
 .comment       0x000000000000003c       0x13 rtosal_simengineap.o64
 .comment       0x000000000000003c       0x13 IOCode_Data.o64
 .comment       0x000000000000003c       0x13 dssimengine_accesspoint_Ethernet_Switch.o64
 .comment       0x000000000000003c       0x13 DsDefEnv_mdlfunctions.o64
 .comment       0x000000000000003c       0x13 dsfmu_logger.o64
 .comment       0x000000000000003c       0x13 dsfmu_callbacks.o64
 .comment       0x000000000000003c       0x13 dsfmu_readwrite.o64
 .comment       0x000000000000003c       0x13 D:\Users\xiangl\AppData\Local\Temp\dSPACE\CfgDesk\Cache\1\DummyApp_XILAPI_ESI_Testing\Build\AppProc_Slave\Compile\DsDefEnv\DsDefEnv.a(DsDefEnv.o64)
 .comment       0x000000000000003c       0x13 C:\dSPACE\R2022A\dSPACE RCPHIL 2022-A\Compiler\Linux_4.14_GCC_10.3\target\x86_64-linux-gnu\lib\libc_nonshared.a(elf-init.oS)
 .comment       0x000000000000003c       0x2b c:/dspace/r2022a/dspace rcphil 2022-a/compiler/linux_4.14_gcc_10.3/target/x86_64-linux-gnu/bin/../lib/gcc/x86_64-linux-gnu/10.3.0/crtendS.o

.gnu.build.attributes
 *(.gnu.build.attributes .gnu.build.attributes.*)

.debug
 *(.debug)

.line
 *(.line)

.debug_srcinfo
 *(.debug_srcinfo)

.debug_sfnames
 *(.debug_sfnames)

.debug_aranges  0x0000000000000000      0x120
 *(.debug_aranges)
 .debug_aranges
                0x0000000000000000       0x70 c:/dspace/r2022a/dspace rcphil 2022-a/compiler/linux_4.14_gcc_10.3/target/x86_64-linux-gnu/bin/../../x86_64-linux-gnu/lib/Scrt1.o
 .debug_aranges
                0x0000000000000070       0x40 c:/dspace/r2022a/dspace rcphil 2022-a/compiler/linux_4.14_gcc_10.3/target/x86_64-linux-gnu/bin/../../x86_64-linux-gnu/lib/crti.o
 .debug_aranges
                0x00000000000000b0       0x30 C:\dSPACE\R2022A\dSPACE RCPHIL 2022-A\Compiler\Linux_4.14_GCC_10.3\target\x86_64-linux-gnu\lib\libc_nonshared.a(elf-init.oS)
 .debug_aranges
                0x00000000000000e0       0x40 c:/dspace/r2022a/dspace rcphil 2022-a/compiler/linux_4.14_gcc_10.3/target/x86_64-linux-gnu/bin/../../x86_64-linux-gnu/lib/crtn.o

.debug_pubnames
 *(.debug_pubnames)

.debug_info     0x0000000000000000      0x71c
 *(.debug_info .gnu.linkonce.wi.*)
 .debug_info    0x0000000000000000      0x53f c:/dspace/r2022a/dspace rcphil 2022-a/compiler/linux_4.14_gcc_10.3/target/x86_64-linux-gnu/bin/../../x86_64-linux-gnu/lib/Scrt1.o
 .debug_info    0x000000000000053f       0x22 c:/dspace/r2022a/dspace rcphil 2022-a/compiler/linux_4.14_gcc_10.3/target/x86_64-linux-gnu/bin/../../x86_64-linux-gnu/lib/crti.o
 .debug_info    0x0000000000000561      0x199 C:\dSPACE\R2022A\dSPACE RCPHIL 2022-A\Compiler\Linux_4.14_GCC_10.3\target\x86_64-linux-gnu\lib\libc_nonshared.a(elf-init.oS)
 .debug_info    0x00000000000006fa       0x22 c:/dspace/r2022a/dspace rcphil 2022-a/compiler/linux_4.14_gcc_10.3/target/x86_64-linux-gnu/bin/../../x86_64-linux-gnu/lib/crtn.o

.debug_abbrev   0x0000000000000000      0x2a1
 *(.debug_abbrev)
 .debug_abbrev  0x0000000000000000      0x153 c:/dspace/r2022a/dspace rcphil 2022-a/compiler/linux_4.14_gcc_10.3/target/x86_64-linux-gnu/bin/../../x86_64-linux-gnu/lib/Scrt1.o
 .debug_abbrev  0x0000000000000153       0x12 c:/dspace/r2022a/dspace rcphil 2022-a/compiler/linux_4.14_gcc_10.3/target/x86_64-linux-gnu/bin/../../x86_64-linux-gnu/lib/crti.o
 .debug_abbrev  0x0000000000000165      0x12a C:\dSPACE\R2022A\dSPACE RCPHIL 2022-A\Compiler\Linux_4.14_GCC_10.3\target\x86_64-linux-gnu\lib\libc_nonshared.a(elf-init.oS)
 .debug_abbrev  0x000000000000028f       0x12 c:/dspace/r2022a/dspace rcphil 2022-a/compiler/linux_4.14_gcc_10.3/target/x86_64-linux-gnu/bin/../../x86_64-linux-gnu/lib/crtn.o

.debug_line     0x0000000000000000      0x332
 *(.debug_line .debug_line.* .debug_line_end)
 .debug_line    0x0000000000000000      0x154 c:/dspace/r2022a/dspace rcphil 2022-a/compiler/linux_4.14_gcc_10.3/target/x86_64-linux-gnu/bin/../../x86_64-linux-gnu/lib/Scrt1.o
 .debug_line    0x0000000000000154       0x65 c:/dspace/r2022a/dspace rcphil 2022-a/compiler/linux_4.14_gcc_10.3/target/x86_64-linux-gnu/bin/../../x86_64-linux-gnu/lib/crti.o
 .debug_line    0x00000000000001b9      0x118 C:\dSPACE\R2022A\dSPACE RCPHIL 2022-A\Compiler\Linux_4.14_GCC_10.3\target\x86_64-linux-gnu\lib\libc_nonshared.a(elf-init.oS)
 .debug_line    0x00000000000002d1       0x61 c:/dspace/r2022a/dspace rcphil 2022-a/compiler/linux_4.14_gcc_10.3/target/x86_64-linux-gnu/bin/../../x86_64-linux-gnu/lib/crtn.o

.debug_frame
 *(.debug_frame)

.debug_str      0x0000000000000000      0x4b6
 *(.debug_str)
 .debug_str     0x0000000000000000      0x366 c:/dspace/r2022a/dspace rcphil 2022-a/compiler/linux_4.14_gcc_10.3/target/x86_64-linux-gnu/bin/../../x86_64-linux-gnu/lib/Scrt1.o
                                        0x4e6 (size before relaxing)
 .debug_str     0x0000000000000366       0x19 c:/dspace/r2022a/dspace rcphil 2022-a/compiler/linux_4.14_gcc_10.3/target/x86_64-linux-gnu/bin/../../x86_64-linux-gnu/lib/crti.o
                                         0x51 (size before relaxing)
 .debug_str     0x000000000000037f      0x11e C:\dSPACE\R2022A\dSPACE RCPHIL 2022-A\Compiler\Linux_4.14_GCC_10.3\target\x86_64-linux-gnu\lib\libc_nonshared.a(elf-init.oS)
                                        0x18a (size before relaxing)
 .debug_str     0x000000000000049d       0x19 c:/dspace/r2022a/dspace rcphil 2022-a/compiler/linux_4.14_gcc_10.3/target/x86_64-linux-gnu/bin/../../x86_64-linux-gnu/lib/crtn.o
                                         0x51 (size before relaxing)

.debug_loc      0x0000000000000000      0x16f
 *(.debug_loc)
 .debug_loc     0x0000000000000000      0x16f C:\dSPACE\R2022A\dSPACE RCPHIL 2022-A\Compiler\Linux_4.14_GCC_10.3\target\x86_64-linux-gnu\lib\libc_nonshared.a(elf-init.oS)

.debug_macinfo
 *(.debug_macinfo)

.debug_weaknames
 *(.debug_weaknames)

.debug_funcnames
 *(.debug_funcnames)

.debug_typenames
 *(.debug_typenames)

.debug_varnames
 *(.debug_varnames)

.debug_pubtypes
 *(.debug_pubtypes)

.debug_ranges   0x0000000000000000       0x80
 *(.debug_ranges)
 .debug_ranges  0x0000000000000000       0x40 c:/dspace/r2022a/dspace rcphil 2022-a/compiler/linux_4.14_gcc_10.3/target/x86_64-linux-gnu/bin/../../x86_64-linux-gnu/lib/crti.o
 .debug_ranges  0x0000000000000040       0x40 c:/dspace/r2022a/dspace rcphil 2022-a/compiler/linux_4.14_gcc_10.3/target/x86_64-linux-gnu/bin/../../x86_64-linux-gnu/lib/crtn.o

.debug_macro
 *(.debug_macro)

.debug_addr
 *(.debug_addr)

.gnu.attributes
 *(.gnu.attributes)

/DISCARD/
 *(.note.GNU-stack)
 *(.gnu_debuglink)
 *(.gnu.lto_*)
OUTPUT(AppProc_Slave.x64 elf64-x86-64)
